a = -**-?--*?*-
b = ?-*?*-?*-*?-*-?*-?-*-?-?-?*-*?-*-?*?*-*-*-?*??*-?*-?*?-?-?*?-?-*?*-?*-*?*-?-*?-?-?*-?-*?*?*-?
c = *-?---?*?
d = undefined
e = *?-*?-*?-*?-*?*-?*-*?-*-?-*?*?-*?*-*?-*?*-*-*?-?-?-?-*?*-?*?-?*-?-?*-?-*-?*-*?-*?-?*-*-*?-?*?-?*-?*-*-?*-*-*?*-?*?-*
f = ??-????*??-?*---**??*-?*-*?-*-*?-?-*-*?-?-?-?-?-*-?*?*-*-*?*-?*?-?-*?*-*-*?-*-?*?-*-?*?*?-*-?-*-*-*-*-*?*?*?-*?*-?-?*?-*?*-?*?*-*-?-?*?-?-*?*?-*?-?*-?*?-?-?*?-*-?*-*?*-*-*?*-?-?-*?*?*-?-*-**??*-*?*-?*?*-*-?-?*-*-?-*?*?*-*?-?*?*?-?-*-*-*?*?-?-*-*-*-*?*-*?*-?*-*?-*?-*-*?*?*?*?-?*-?*-*-?*?*?*-?*?*-*?-*?*-?-*?*-?*-*?*-*?*?*-?*?-*?-*-*-?*-?*?*?-?*-*-?*?*-?-*-?*-*?-?*?
g = *-?*?*-*?*-?*-*?-?*-*?-*-?*-*-*-*?-*-*-*?*?*
h = *??-?**??*?*?-*-*?*?-?*-*-?-*?*?-*?*-?*?*
i = -*??--?*-?-*?-?-*-*?*-*?-?*-?*-?-?-*?*?-*?*-*-*-*-*-*?-?*-*?*-*?-*?*-?-*-*-?*?-*?*-?-*?-*?*?-*?-*?*?-*?-*-?*?*-?*?*-?*-*?-*-*?-?*-*-?*?-*?-*-?-*-*?-*?-*?-?*-?-*?*?-?-?-?*?-*-?*-?*?-?-?-*-?*-?-?*?-*-*?-*-*-?-*-*-?-?*-*-*-*?*?-*?*-*-?*?*-?-?*-*-?-?-?*?-?*-?-?-?*?-?*?*?-*?*?*?-*?-?*-*?*?-*?*-?*?*-*-?*?-*?-?*-*?*?*?*?*-?*?-*-*?-*-*?-*-*-?*?-*?*?-*?**---??*-*-*?-*-*?*?-*?-*?-*?*?-?*?-?*?*-?-?*-?*-*-?-?-*-*?-*?*-?-?*-?*-?-*?-?*?-?-?-?*?*-*-?*-*?*?-*-?*?-*?-?*-*-?*-*?*?-*?-*-*-?*-*-?*?-*-?-*?-?-?*-*-?*-?-?-?*?*?-*-*?*-?*-?*?-?*-?*-?-?*-?*-?*-?*-?*-?*-?*?-*?-*-?*-?-?-*-?*?-?-*?*-?-*-?-?*?*-*?-?-?*-*?-?*-*?-?*-??***-**?**?-*?-*?-*?*?*-?-*-?-*?-?*?-*-?-?-?*?-*-?-*-*?-?*-*-?-?*-*?-*-?*-?-*?*?-*-?-*?*-*?*?*-*?-*?*-?-*?*-?-*-*-*-?-?-*?-*-?-*-?*?*?*-?-*?*-*-?-?*-?*?-*-*-*-*-?*?-?*-*-?*-*-*?*?*?*?-?-*?*?-*?*?*?*-*?*-*-*?*-?-?*-?*-*-*?-*?*-?*?-*?-?*-?*-?*-?-*-*-*-?-*-?*?-*-*-?-?-?*-*?-??*---?*--*?*?-?*?*?-*-*?*?-*-?*?-?-?-?*?-?*-*?*-*?*?-*-?*?*?*?-*?*?-?-?-*?-*-*-*-*?-?-*?*?*-?*-?-*-?*?*-?*-?*-*?-*?*?*?*-*-*-?-?-?*?-*-?-?-?*?-*-*-?-?*?-?-*-?-?-?-*-*-?*-?*?-?-?*-?*?*?*-?*?*-*-*-?-?-*-?-*-*-*?-*?*?-?*?-*-*-*?-?-?-?-*-*-*?-*?*-?-*?-*?-*-*-*?-?-?*?*-?-?*-?*-*-*?*?-?*-*?*?-*?-*?-*-*?*?*?-*-*-?*?-*-?*?-?*?-?*?*-?-?-*?-?-*-?-*-?*-?*-?*
j = undefined
k = undefined
l = ??----?*****
m = ?----?-
n = ---*-?-*?*-*?-*?*-*?*?*?-*-?-*-*?-*-?*?-?-?-*?-*-*-?-?*?*?-*?-*-?*?-*-*-*?*-*?-?-?*-?*?*-?*?*?-?-*-?-?-*-
o = ??-????*??-?*---**??*-?*-*?-*-*?-?-*-*?-?-?-?-?-*-?*?*-*-*?*-?*?-?-*?*-*-*?-*-?*?-*-?*?*?-*-?-*-*-*-*-*?*?*?-*?*-?-?*?-*?*-?*?*-*-?-?*?-?-*?*?-*?-?*-?*?-?-?*?-*-?*-*?*-*-*?*-?-?-*?*?*-?-*-**??*-*?*-?*?*-*-?-?*-*-?-*?*?*-*?-?*?*?-?-*-*-*?*?-?-*-*-*-*?*-*?*-?*-*?-*?-*-*?*?*?*?-?*-?*-*-?*?*?*-?*?*-*?-*?*-?-*?*-?*-*?*-*?*?*-?*?-*?-*-*-?*-?*?*?-?*-*-?*?*-?-*-?*-*?-?*?
p = ?*???*-?*
q = undefined
r = **?-??---?**--*?--**--???**-???**??*?--?*--?**--??-*-??**??*-?*--??-?*??---*-*?-?**?-**--?-*??**-??-*?**?-?*?-?**?--**-?*--*?--?*--*?-*??**-??-**--*
s = --**?-*-*?*-?*-*-?*?*-?*-?*?-*?-*-*?-?-?-*-?*?*-?-?-*-*??-?**-??*?---?-**?-*-*?*-?-*-?-*?-*?*-*-?-?*-?*-?*?*-*?*-?*-?*-?*?*-*?
t = undefined
u = -?*?-*?*?*-*?-*-?-?*-?-*-*?-*-*?*-?*?-----*-*-?*?-*?*?-*?*-*-*?-*-?-?*-*-?*?*?*
v = ?-?*?*?*?*?-*?*-*-*-*-*?-?-*?-?*-?-?-?-?-?-*-?-*-*?-?
w = ?-??*-
x = ??-?*-?**??-*??*
y = ?*-?-**?**??**---*-?*-?*?-*-*-*?-?-?-?*-*?*-?-*?*-?*?-?*-?-*-?-?*-?-*?-?*-*?-*?-*?-*-?-?*-*?-?*-*?-?*-?-*?-*??**?*-?*---?*?-???-*?*-?-*-?-*-*?-?-?-*-?*?-*?-?-*?*-*-*?*-?-*?-?*?*?*-*?*-*-*?*-?-?*-?*-*-*?-*?*-?*?-*?-?*-?*-?*-?-*-*-*-?-*-?*
z = *?-?*?*?-*?-*-*?-?*?-?*-?*?-?*-?-?-*?*-*?-?*?-?-*-*?*?*-*-?*?*-*-*-*?-?-?*-*-*-*-?-?-?*-*-?-*-?-*-?-*?*?*-?-?-?-*-?-?-*?*?*-*-*?-?-?-?*-?-*-?*-*?*-?-*-?*-*-?*?-?*?-?-*-?*?*?*?*-*-?-*-?*-?*?-*?*-*-?-?*-*-?*?-*-*?*-*?-?-*?-?-?-*-?-*?*?-*?-*?*-*-*-?-*-*?-*-?-?*-*?-?*?-*-*?*-?*-*-*?*?-?*-*?*-?*-?*?-?*-?*-*-*?-*-?*?*-?-*-?-*?*-?*?-?*-*?*?-*-?*-?*?-*?*?-?-*-?-*?*-*-*?*?*?-*?*-*?*?-*?-*?*-?-*-*-*?-*?-?*-?*?-?*?-?-?*?*-?*?*-*?-*?*-?-?-?*-*?*-*?-*-?*?*-?*?-*-*-?-?*-?-?-?*-?*-?*-?*?*?*?*?*-*?-*?*?*-?-*?-*?-?-*?-*-?*?-*-?*-*?*?*?*-*?*-?-?-?-*?*?-*-*?-*?*-*-?-*-?*?-?-*-*?*-*-?-?*?*-?*-?-*?*?-?-?*-?*?-*?*?*-?-*?*-?-?-?-?*-?-*-?*-*?*-?*?-*?*?*?*-*-*-?-*?-*-?-*?-*?-?*?*?*-?*?*-*?*-*-?*?*?-*-*-?-*-*-?*?-*?*?*?-?*-*?-
